<html>
<body>
<pre>
<h1>µVision Build Log</h1>
<h2>Tool Versions:</h2>
IDE-Version: µVision V5.34.0.0
Copyright (C) 2021 ARM Ltd and ARM Germany GmbH. All rights reserved.
License Information: eren eren, willow, LIC=6XJT4-F9GT3-QIP5M-XB69U-R87HS-NMFYJ
 
Tool Versions:
Toolchain:       MDK-ARM Professional  Version: 5.34.0.0
Toolchain Path:  C:\Keil_v5\ARM\ARMCLANG\Bin
C Compiler:      ArmClang.exe V6.16
Assembler:       Armasm.exe V6.16
Linker/Locator:  ArmLink.exe V6.16
Library Manager: ArmAr.exe V6.16
Hex Converter:   FromElf.exe V6.16
CPU DLL:         SARMCM3.DLL V5.34.0.0
Dialog DLL:      DCM.DLL V1.17.3.0
Target DLL:      STLink\ST-LINKIII-KEIL_SWO.dll V3.0.8.0
Dialog DLL:      TCM.DLL V1.48.0.0
 
<h2>Project:</h2>
C:\willowbee\examples\led_blink\MDK-ARM\led_blink.uvprojx
Project File Date:  10/01/2023

<h2>Output:</h2>
*** Using Compiler 'V6.16', folder: 'C:\Keil_v5\ARM\ARMCLANG\Bin'
Build target 'led_blink'
assembling startup_stm32wl55xx_cm4.s...
compiling stm32wlxx_hal_tim_ex.c...
compiling stm32wlxx_hal_msp.c...
compiling stm32wlxx_hal_tim.c...
compiling main.c...
compiling stm32wlxx_it.c...
compiling stm32wlxx_hal_pwr.c...
compiling stm32wlxx_hal_pwr_ex.c...
compiling stm32wlxx_hal_gpio.c...
compiling stm32wlxx_hal_flash.c...
compiling stm32wlxx_hal_flash_ex.c...
compiling stm32wlxx_hal_rcc.c...
compiling stm32wlxx_hal_dma.c...
compiling stm32wlxx_hal_rcc_ex.c...
compiling stm32wlxx_hal_dma_ex.c...
compiling stm32wlxx_hal_cortex.c...
compiling system_stm32wlxx.c...
compiling stm32wlxx_hal.c...
compiling stm32wlxx_hal_exti.c...
linking...
Program Size: Code=4388 RO-data=484 RW-data=12 ZI-data=34412  
FromELF: creating hex file...
"led_blink\led_blink.axf" - 0 Error(s), 0 Warning(s).

<h2>Software Packages used:</h2>

Package Vendor: ARM
                http://www.keil.com/pack/ARM.CMSIS.5.8.0.pack
                ARM.CMSIS.5.8.0
                CMSIS (Common Microcontroller Software Interface Standard)
   * Component: CORE Version: 5.5.0

Package Vendor: Keil
                http://www.keil.com/pack/Keil.STM32WLxx_DFP.1.1.0.pack
                Keil.STM32WLxx_DFP.1.1.0
                STMicroelectronics STM32WL Series Device Support

<h2>Collection of Component include folders:</h2>
  .\RTE\_led_blink
  C:\Users\EREN\AppData\Local\Arm\Packs\ARM\CMSIS\5.8.0\CMSIS\Core\Include
  C:\Users\EREN\AppData\Local\Arm\Packs\Keil\STM32WLxx_DFP\1.1.0\Drivers\CMSIS\Device\ST\STM32WLxx\Include

<h2>Collection of Component Files used:</h2>

   * Component: ARM::CMSIS:CORE:5.5.0
      Include file:  CMSIS\Core\Include\tz_context.h
Build Time Elapsed:  00:00:02
</pre>
</body>
</html>
